  Determining projects to restore...
  All projects are up-to-date for restore.
  Macula -> /home/rl/work/github.com/macula-io/macula-dotnet/src/Macula/bin/Debug/net10.0/Macula.dll
  Macula.Tests -> /home/rl/work/github.com/macula-io/macula-dotnet/tests/Macula.Tests/bin/Debug/net10.0/Macula.Tests.dll

Build succeeded.
    0 Warning(s)
    0 Error(s)

Time Elapsed 00:00:01.32
replaced libmsquic.so in 1 place(s)
Test run for /home/rl/work/github.com/macula-io/macula-dotnet/tests/Macula.Tests/bin/Debug/net10.0/Macula.Tests.dll (.NETCoreApp,Version=v10.0)
A total of 1 test files matched the specified pattern.
[xUnit.net 00:00:00.00] xUnit.net VSTest Adapter v3.1.4+50e68bbb8b (64-bit .NET 10.0.11)
[xUnit.net 00:00:00.10]   Discovering: Macula.Tests
[xUnit.net 00:00:00.18]   Discovered:  Macula.Tests
[xUnit.net 00:00:00.21]   Starting:    Macula.Tests
  Passed Macula.Tests.UcanGatedServeTests.Gated_serve_refuses_unauthorized_and_answers_authorized [706 ms]
  Passed Macula.Tests.LiveStationTests.Unary_call_provider_round_trip_against_the_live_fleet [948 ms]
  Passed Macula.Tests.LiveStationTests.Connect_completes_a_real_handshake_against_the_live_fleet [459 ms]
  Passed Macula.Tests.LiveStationTests.Content_put_get_round_trips_a_single_block [107 ms]
  Passed Macula.Tests.LiveStationTests.Unary_call_round_trip_against_a_nonexistent_procedure_reports_unknown_next_peer [132 ms]
  Passed Macula.Tests.LiveStationTests.Content_put_get_round_trips_chunked_content [399 ms]
  Passed Macula.Tests.LiveStationTests.Streaming_provider_round_trip_against_the_live_fleet [801 ms]
  Passed Macula.Tests.LiveStationTests.Publish_subscribe_round_trip_delivers_our_own_publish_directly [103 ms]
  Passed Macula.Tests.LiveStationTests.Content_get_reports_not_found_for_a_made_up_mcid [154 ms]
  Passed Macula.Tests.LiveStationTests.Client_stream_half_close_still_gets_its_reply_against_the_live_fleet [672 ms]
  Passed Macula.Tests.DirectDialTests.Keep_advertised_direct_republishes_and_stops_on_cancellation [4 s]
[xUnit.net 00:00:12.76]     Macula.Tests.DirectDialUcanTests.Direct_dial_ucan_gated_refuses_unauthorized_and_answers_authorized [FAIL]
[xUnit.net 00:00:12.76]       Macula.Dht.DirectDial+StationEndpointNotFoundException : directdial: resolved station published no reachable station_endpoint
[xUnit.net 00:00:12.76]       Stack Trace:
[xUnit.net 00:00:12.76]         /home/rl/work/github.com/macula-io/macula-dotnet/src/Macula/Dht/DirectDial.cs(269,0): at Macula.Dht.DirectDial.FirstAnswerAsync[TCandidate,T](Func`3 query, Func`5 attempt, CallDeadline deadline, CancellationToken ct)
[xUnit.net 00:00:12.76]         /home/rl/work/github.com/macula-io/macula-dotnet/tests/Macula.Tests/DirectDialUcanTests.cs(55,0): at Macula.Tests.DirectDialUcanTests.Direct_dial_ucan_gated_refuses_unauthorized_and_answers_authorized()
[xUnit.net 00:00:12.76]         /home/rl/work/github.com/macula-io/macula-dotnet/tests/Macula.Tests/DirectDialUcanTests.cs(58,0): at Macula.Tests.DirectDialUcanTests.Direct_dial_ucan_gated_refuses_unauthorized_and_answers_authorized()
[xUnit.net 00:00:12.76]         /home/rl/work/github.com/macula-io/macula-dotnet/tests/Macula.Tests/DirectDialUcanTests.cs(84,0): at Macula.Tests.DirectDialUcanTests.Direct_dial_ucan_gated_refuses_unauthorized_and_answers_authorized()
[xUnit.net 00:00:12.76]         --- End of stack trace from previous location ---
  Failed Macula.Tests.DirectDialUcanTests.Direct_dial_ucan_gated_refuses_unauthorized_and_answers_authorized [12 s]
  Error Message:
   Macula.Dht.DirectDial+StationEndpointNotFoundException : directdial: resolved station published no reachable station_endpoint
  Stack Trace:
     at Macula.Dht.DirectDial.FirstAnswerAsync[TCandidate,T](Func`3 query, Func`5 attempt, CallDeadline deadline, CancellationToken ct) in /home/rl/work/github.com/macula-io/macula-dotnet/src/Macula/Dht/DirectDial.cs:line 269
   at Macula.Tests.DirectDialUcanTests.Direct_dial_ucan_gated_refuses_unauthorized_and_answers_authorized() in /home/rl/work/github.com/macula-io/macula-dotnet/tests/Macula.Tests/DirectDialUcanTests.cs:line 55
   at Macula.Tests.DirectDialUcanTests.Direct_dial_ucan_gated_refuses_unauthorized_and_answers_authorized() in /home/rl/work/github.com/macula-io/macula-dotnet/tests/Macula.Tests/DirectDialUcanTests.cs:line 58
   at Macula.Tests.DirectDialUcanTests.Direct_dial_ucan_gated_refuses_unauthorized_and_answers_authorized() in /home/rl/work/github.com/macula-io/macula-dotnet/tests/Macula.Tests/DirectDialUcanTests.cs:line 84
--- End of stack trace from previous location ---
[xUnit.net 00:00:19.48]     Macula.Tests.DirectDialTests.Direct_dial_serve_round_trip_gets_a_real_result [FAIL]
[xUnit.net 00:00:19.48]       Macula.Dht.DirectDial+StationEndpointNotFoundException : directdial: resolved station published no reachable station_endpoint
[xUnit.net 00:00:19.48]       Stack Trace:
[xUnit.net 00:00:19.48]         /home/rl/work/github.com/macula-io/macula-dotnet/src/Macula/Dht/DirectDial.cs(269,0): at Macula.Dht.DirectDial.FirstAnswerAsync[TCandidate,T](Func`3 query, Func`5 attempt, CallDeadline deadline, CancellationToken ct)
[xUnit.net 00:00:19.48]         /home/rl/work/github.com/macula-io/macula-dotnet/tests/Macula.Tests/DirectDialTests.cs(71,0): at Macula.Tests.DirectDialTests.Direct_dial_serve_round_trip_gets_a_real_result()
[xUnit.net 00:00:19.48]         /home/rl/work/github.com/macula-io/macula-dotnet/tests/Macula.Tests/DirectDialTests.cs(77,0): at Macula.Tests.DirectDialTests.Direct_dial_serve_round_trip_gets_a_real_result()
[xUnit.net 00:00:19.48]         /home/rl/work/github.com/macula-io/macula-dotnet/tests/Macula.Tests/DirectDialTests.cs(77,0): at Macula.Tests.DirectDialTests.Direct_dial_serve_round_trip_gets_a_real_result()
[xUnit.net 00:00:19.48]         --- End of stack trace from previous location ---
  Failed Macula.Tests.DirectDialTests.Direct_dial_serve_round_trip_gets_a_real_result [15 s]
  Error Message:
   Macula.Dht.DirectDial+StationEndpointNotFoundException : directdial: resolved station published no reachable station_endpoint
  Stack Trace:
     at Macula.Dht.DirectDial.FirstAnswerAsync[TCandidate,T](Func`3 query, Func`5 attempt, CallDeadline deadline, CancellationToken ct) in /home/rl/work/github.com/macula-io/macula-dotnet/src/Macula/Dht/DirectDial.cs:line 269
   at Macula.Tests.DirectDialTests.Direct_dial_serve_round_trip_gets_a_real_result() in /home/rl/work/github.com/macula-io/macula-dotnet/tests/Macula.Tests/DirectDialTests.cs:line 71
   at Macula.Tests.DirectDialTests.Direct_dial_serve_round_trip_gets_a_real_result() in /home/rl/work/github.com/macula-io/macula-dotnet/tests/Macula.Tests/DirectDialTests.cs:line 77
   at Macula.Tests.DirectDialTests.Direct_dial_serve_round_trip_gets_a_real_result() in /home/rl/work/github.com/macula-io/macula-dotnet/tests/Macula.Tests/DirectDialTests.cs:line 77
--- End of stack trace from previous location ---
[xUnit.net 00:00:29.55]   Finished:    Macula.Tests
  Passed Macula.Tests.DirectDialTests.Resolve_reports_not_advertised_for_an_unadvertised_procedure [10 s]

Test Run Failed.
Total tests: 14
     Passed: 12
     Failed: 2
 Total time: 29.9579 Seconds
