Refreshing run status every 20 seconds. Press Ctrl+C to quit.

* v0.4.1 Release to NuGet · 34629225621
Triggered via push less than a minute ago

JOBS
* publish to NuGet (ID 103361702572)
  ✓ Set up job
  ✓ Run actions/checkout@v4
  ✓ Run actions/setup-dotnet@v4
  ✓ Extract version from tag
  ✓ Validate version matches project
  ✓ Run dotnet restore
  ✓ Run dotnet build --no-restore --configuration Release
  * Run dotnet test --no-build --configuration Release --filter "Category!=Live"
  * Pack
  * NuGet login (OIDC)
  * Push to NuGet
  * Post Run actions/setup-dotnet@v4
  * Post Run actions/checkout@v4
✓ v0.4.1 Release to NuGet · 34629225621
Triggered via push less than a minute ago

JOBS
✓ publish to NuGet in 35s (ID 103361702572)
  ✓ Set up job
  ✓ Run actions/checkout@v4
  ✓ Run actions/setup-dotnet@v4
  ✓ Extract version from tag
  ✓ Validate version matches project
  ✓ Run dotnet restore
  ✓ Run dotnet build --no-restore --configuration Release
  ✓ Run dotnet test --no-build --configuration Release --filter "Category!=Live"
  ✓ Pack
  ✓ NuGet login (OIDC)
  ✓ Push to NuGet
  ✓ Post Run actions/setup-dotnet@v4
  ✓ Post Run actions/checkout@v4
  ✓ Complete job

ANNOTATIONS
! Node.js 20 is deprecated. The following actions target Node.js 20 but are being forced to run on Node.js 24: actions/checkout@v4, actions/setup-dotnet@v4. For more information see: https://github.blog/changelog/2025-09-19-deprecation-of-node-20-on-github-actions-runners/
publish to NuGet: .github#6

