  Determining projects to restore...
  All projects are up-to-date for restore.
  Macula -> /home/rl/work/github.com/macula-io/macula-dotnet/src/Macula/bin/Debug/net10.0/Macula.dll
  Macula.Tests -> /home/rl/work/github.com/macula-io/macula-dotnet/tests/Macula.Tests/bin/Debug/net10.0/Macula.Tests.dll

Build succeeded.
    0 Warning(s)
    0 Error(s)

Time Elapsed 00:00:01.39
replaced libmsquic.so in 1 place(s)
Test run for /home/rl/work/github.com/macula-io/macula-dotnet/tests/Macula.Tests/bin/Debug/net10.0/Macula.Tests.dll (.NETCoreApp,Version=v10.0)
A total of 1 test files matched the specified pattern.
[xUnit.net 00:00:00.00] xUnit.net VSTest Adapter v3.1.4+50e68bbb8b (64-bit .NET 10.0.11)
[xUnit.net 00:00:00.09]   Discovering: Macula.Tests
[xUnit.net 00:00:00.17]   Discovered:  Macula.Tests
[xUnit.net 00:00:00.20]   Starting:    Macula.Tests
[xUnit.net 00:00:02.29]     Macula.Tests.StationPoolReaderTests.A_wildcard_subscription_through_the_pool_receives_matching_events [FAIL]
[xUnit.net 00:00:02.29]       System.TimeoutException : The operation has timed out.
[xUnit.net 00:00:02.29]       Stack Trace:
[xUnit.net 00:00:02.29]         /home/rl/work/github.com/macula-io/macula-dotnet/tests/Macula.Tests/StationPoolReaderTests.cs(168,0): at Macula.Tests.StationPoolReaderTests.TakeAsync(ChannelReader`1 reader, Int32 count)
[xUnit.net 00:00:02.29]         /home/rl/work/github.com/macula-io/macula-dotnet/tests/Macula.Tests/StationPoolReaderTests.cs(139,0): at Macula.Tests.StationPoolReaderTests.A_wildcard_subscription_through_the_pool_receives_matching_events()
[xUnit.net 00:00:02.29]         --- End of stack trace from previous location ---
[xUnit.net 00:00:02.31]   Finished:    Macula.Tests
  Failed Macula.Tests.StationPoolReaderTests.A_wildcard_subscription_through_the_pool_receives_matching_events [2 s]
  Error Message:
   System.TimeoutException : The operation has timed out.
  Stack Trace:
     at Macula.Tests.StationPoolReaderTests.TakeAsync(ChannelReader`1 reader, Int32 count) in /home/rl/work/github.com/macula-io/macula-dotnet/tests/Macula.Tests/StationPoolReaderTests.cs:line 168
   at Macula.Tests.StationPoolReaderTests.A_wildcard_subscription_through_the_pool_receives_matching_events() in /home/rl/work/github.com/macula-io/macula-dotnet/tests/Macula.Tests/StationPoolReaderTests.cs:line 139
--- End of stack trace from previous location ---

Test Run Failed.
Total tests: 1
     Failed: 1
 Total time: 2.6809 Seconds
