  Determining projects to restore...
  All projects are up-to-date for restore.
  Macula -> /home/rl/work/github.com/macula-io/macula-dotnet/src/Macula/bin/Debug/net10.0/Macula.dll
/home/rl/work/github.com/macula-io/macula-dotnet/tests/Macula.Tests/SessionReaderTests.cs(358,27): warning CA1416: This call site is reachable on all platforms. 'Session.BuildCallReplyAsync(Session?, CallInfo, CallLookup, PolicyLookup, KeyPair)' is only supported on: 'linux', 'macOS/OSX', 'windows'. (https://learn.microsoft.com/dotnet/fundamentals/code-analysis/quality-rules/ca1416) [/home/rl/work/github.com/macula-io/macula-dotnet/tests/Macula.Tests/Macula.Tests.csproj]
  Macula.Tests -> /home/rl/work/github.com/macula-io/macula-dotnet/tests/Macula.Tests/bin/Debug/net10.0/Macula.Tests.dll

Build succeeded.

/home/rl/work/github.com/macula-io/macula-dotnet/tests/Macula.Tests/SessionReaderTests.cs(358,27): warning CA1416: This call site is reachable on all platforms. 'Session.BuildCallReplyAsync(Session?, CallInfo, CallLookup, PolicyLookup, KeyPair)' is only supported on: 'linux', 'macOS/OSX', 'windows'. (https://learn.microsoft.com/dotnet/fundamentals/code-analysis/quality-rules/ca1416) [/home/rl/work/github.com/macula-io/macula-dotnet/tests/Macula.Tests/Macula.Tests.csproj]
    1 Warning(s)
    0 Error(s)

Time Elapsed 00:00:02.36
replaced libmsquic.so in 1 place(s)
Test run for /home/rl/work/github.com/macula-io/macula-dotnet/tests/Macula.Tests/bin/Debug/net10.0/Macula.Tests.dll (.NETCoreApp,Version=v10.0)
A total of 1 test files matched the specified pattern.
[xUnit.net 00:00:00.00] xUnit.net VSTest Adapter v3.1.4+50e68bbb8b (64-bit .NET 10.0.11)
[xUnit.net 00:00:00.09]   Discovering: Macula.Tests
[xUnit.net 00:00:00.18]   Discovered:  Macula.Tests
[xUnit.net 00:00:00.22]   Starting:    Macula.Tests
  Passed Macula.Tests.EventDedupTests.Different_realm_or_publisher_or_seq_are_independently_new [5 ms]
  Passed Macula.Tests.KeyPairTests.Puzzle_evidence_matches_the_reference [5 ms]
  Passed Macula.Tests.StationDiscoveryTests.DialTarget_rejects_an_out_of_range_port(badPort: 70000) [7 ms]
  Passed Macula.Tests.CborCodecTests.UInt_uses_minimal_length_encoding(value: 65536, expected: [26, 0, 1, 0, 0]) [4 ms]
  Passed Macula.Tests.StationPoolLinkSelectionTests.Auto_resolves_to_random_when_discovery_is_on [7 ms]
  Passed Macula.Tests.StationDiscoveryTests.DialTarget_rejects_an_out_of_range_port(badPort: 0) [< 1 ms]
  Passed Macula.Tests.StationDiscoveryTests.DialTarget_rejects_an_out_of_range_port(badPort: -1) [< 1 ms]
  Passed Macula.Tests.CborCodecTests.UInt_uses_minimal_length_encoding(value: 18446744073709551615, expected: [27, 255, 255, 255, 255, ···]) [< 1 ms]
  Passed Macula.Tests.CborCodecTests.UInt_uses_minimal_length_encoding(value: 256, expected: [25, 1, 0]) [< 1 ms]
  Passed Macula.Tests.CborCodecTests.UInt_uses_minimal_length_encoding(value: 65535, expected: [25, 255, 255]) [< 1 ms]
  Passed Macula.Tests.CborCodecTests.UInt_uses_minimal_length_encoding(value: 4294967295, expected: [26, 255, 255, 255, 255]) [< 1 ms]
  Passed Macula.Tests.CborCodecTests.UInt_uses_minimal_length_encoding(value: 4294967296, expected: [27, 0, 0, 0, 1, ···]) [< 1 ms]
  Passed Macula.Tests.CborCodecTests.UInt_uses_minimal_length_encoding(value: 255, expected: [24, 255]) [< 1 ms]
  Passed Macula.Tests.CborCodecTests.UInt_uses_minimal_length_encoding(value: 23, expected: [23]) [< 1 ms]
  Passed Macula.Tests.CborCodecTests.UInt_uses_minimal_length_encoding(value: 1, expected: [1]) [< 1 ms]
  Passed Macula.Tests.StationDiscoveryTests.DialTarget_rejects_missing_quic_port [< 1 ms]
  Passed Macula.Tests.CborCodecTests.UInt_uses_minimal_length_encoding(value: 24, expected: [24, 24]) [< 1 ms]
  Passed Macula.Tests.EventDedupTests.Duplicate_check_uses_byte_CONTENT_equality_not_reference_equality [< 1 ms]
  Passed Macula.Tests.CborCodecTests.UInt_uses_minimal_length_encoding(value: 0, expected: [0]) [< 1 ms]
  Passed Macula.Tests.StationDiscoveryTests.StationNodeId_extracts_a_32_byte_node_id [< 1 ms]
  Passed Macula.Tests.StationDiscoveryTests.HasLinkForNodeId_is_false_for_an_unknown_node_id [1 ms]
  Passed Macula.Tests.KeyPairTests.Verify_rejects_a_structurally_invalid_pubkey_without_throwing [2 ms]
  Passed Macula.Tests.StationDiscoveryTests.HasLinkForNodeId_matches_regardless_of_host_spelling [< 1 ms]
  Passed Macula.Tests.CborCodecTests.Decode_rejects_truncated_input_instead_of_throwing_an_unrelated_exception [3 ms]
  Passed Macula.Tests.CborCodecTests.List_encodes_head_plus_concatenated_items [< 1 ms]
  Passed Macula.Tests.CborCodecTests.Bytes_encodes_as_major_2_raw [< 1 ms]
  Passed Macula.Tests.StationDiscoveryTests.DialTarget_prefers_hostname_over_bare_ip_in_host_advertised [1 ms]
  Passed Macula.Tests.CborCodecTests.Decode_rejects_trailing_bytes_after_top_level_value [< 1 ms]
  Passed Macula.Tests.CborCodecTests.Negative_int_uses_minimal_length_encoding(value: -24, expected: [55]) [< 1 ms]
  Passed Macula.Tests.StationDiscoveryTests.HasLinkForNodeId_is_false_when_no_link_has_handshaked_yet [< 1 ms]
  Passed Macula.Tests.CborCodecTests.Negative_int_uses_minimal_length_encoding(value: -25, expected: [56, 24]) [< 1 ms]
  Passed Macula.Tests.CborCodecTests.Negative_int_uses_minimal_length_encoding(value: -1, expected: [32]) [< 1 ms]
  Passed Macula.Tests.StationDiscoveryTests.DialTarget_rejects_an_empty_hostname_and_falls_back [< 1 ms]
  Passed Macula.Tests.StationDiscoveryTests.DialTarget_falls_back_to_host_advertised_when_hostname_is_absent [< 1 ms]
  Passed Macula.Tests.CborCodecTests.Text_stores_bytes_as_is_with_no_utf8_validation [< 1 ms]
  Passed Macula.Tests.StationDiscoveryTests.DialTarget_rejects_a_row_with_neither_field [< 1 ms]
  Passed Macula.Tests.StationDiscoveryTests.StationNodeId_rejects_the_wrong_length [< 1 ms]
  Passed Macula.Tests.CborCodecTests.Decode_rejects_major_type_6_tags [< 1 ms]
  Passed Macula.Tests.StationDiscoveryTests.StationNodeId_rejects_a_missing_field [< 1 ms]
  Passed Macula.Tests.CborCodecTests.Null_encodes_as_0xF6 [< 1 ms]
  Passed Macula.Tests.ManifestTests.Empty_data_produces_zero_chunks [17 ms]
  Passed Macula.Tests.CborCodecTests.Decode_duplicate_map_keys_is_last_write_wins [4 ms]
  Passed Macula.Tests.ManifestTests.FromWire_rejects_a_missing_field [5 ms]
  Passed Macula.Tests.CborCodecTests.Decode_accepts_half_precision_float [3 ms]
  Passed Macula.Tests.StationPoolLinkSelectionTests.Random_returns_the_same_set_of_links_every_time [15 ms]
  Passed Macula.Tests.CborCodecTests.Float_always_encodes_as_binary64_regardless_of_source_width [< 1 ms]
  Passed Macula.Tests.StationPoolLinkSelectionTests.Explicit_first_success_survives_even_with_discovery_enabled [< 1 ms]
  Passed Macula.Tests.StationPoolLinkSelectionTests.Explicit_random_survives_even_with_discovery_disabled [< 1 ms]
  Passed Macula.Tests.StationPoolLinkSelectionTests.Random_with_zero_or_one_link_is_a_no_op [< 1 ms]
  Passed Macula.Tests.CborCodecTests.Encode_decode_encode_is_idempotent_for_a_nested_structure [< 1 ms]
  Passed Macula.Tests.CborCodecTests.NegInt_reaches_down_to_negative_two_to_the_64 [< 1 ms]
  Passed Macula.Tests.CborCodecTests.Map_sorts_keys_by_their_own_encoded_bytes_not_by_value [< 1 ms]
  Passed Macula.Tests.CborCodecTests.Decode_accepts_single_precision_float [< 1 ms]
  Passed Macula.Tests.ManifestTests.Odd_chunk_count_matches_the_reference [2 ms]
  Passed Macula.Tests.ManifestTests.Verify_rejects_tampered_content_of_the_same_size [< 1 ms]
  Passed Macula.Tests.StationPoolLinkSelectionTests.Random_never_mutates_the_input_list [1 ms]
  Passed Macula.Tests.StationPoolLinkSelectionTests.FirstSuccess_returns_every_link_unshuffled [< 1 ms]
  Passed Macula.Tests.StationPoolLinkSelectionTests.Auto_resolves_to_first_success_when_discovery_is_off [< 1 ms]
  Passed Macula.Tests.StationPoolLinkSelectionTests.Random_produces_multiple_distinct_orderings [< 1 ms]
  Passed Macula.Tests.ManifestTests.ToWire_matches_the_reference_byte_for_byte [1 ms]
  Passed Macula.Tests.ManifestTests.Algorithm_from_name_defaults_to_blake3 [1 ms]
  Passed Macula.Tests.ManifestTests.Even_chunk_count_matches_the_reference [< 1 ms]
  Passed Macula.Tests.KeyPairTests.Signature_matches_the_reference_byte_for_byte [27 ms]
  Passed Macula.Tests.FrameGoldenVectorTests.Error_frame_matches_the_reference_byte_for_byte [39 ms]
  Passed Macula.Tests.OpenSessionsTests.A_session_is_found_by_its_identity_and_station [40 ms]
  Passed Macula.Tests.OpenSessionsTests.The_newest_session_per_identity_and_station_wins [1 ms]
  Passed Macula.Tests.KeyPairTests.Saved_key_file_is_owner_only_on_unix [3 ms]
  Passed Macula.Tests.OpenSessionsTests.Closing_an_older_session_leaves_the_newer_one_registered [2 ms]
  Passed Macula.Tests.KeyPairTests.Load_rejects_a_corrupted_file [1 ms]
  Passed Macula.Tests.OpenSessionsTests.A_closed_session_is_no_longer_found [1 ms]
  Passed Macula.Tests.KeyPairTests.Verify_accepts_the_reference_signature [11 ms]
  Passed Macula.Tests.FrameStreamTests.Concurrent_sends_all_complete_as_whole_frames [53 ms]
  Passed Macula.Tests.KeyPairTests.Load_rejects_a_tampered_pubkey [1 ms]
  Passed Macula.Tests.FrameGoldenVectorTests.PublisherSig_matches_the_erlang_reference [20 ms]
  Passed Macula.Tests.FrameGoldenVectorTests.Event_frame_matches_the_reference_byte_for_byte [1 ms]
  Passed Macula.Tests.FrameGoldenVectorTests.Result_frame_matches_the_reference_byte_for_byte [1 ms]
  Passed Macula.Tests.ServeCallerTests.Build_call_reply_gated_policy_accepts_a_token_from_its_audience [63 ms]
  Passed Macula.Tests.FrameGoldenVectorTests.Stream_data_msgpack_frame_matches_the_reference_byte_for_byte [1 ms]
  Passed Macula.Tests.FrameGoldenVectorTests.Stream_end_frame_matches_the_reference_byte_for_byte [1 ms]
  Passed Macula.Tests.ServeCallerTests.Build_call_reply_gated_policy_refuses_a_call_without_caller [2 ms]
  Passed Macula.Tests.ServeCallerTests.Build_call_reply_gated_policy_refuses_a_token_without_audience [2 ms]
  Passed Macula.Tests.FrameGoldenVectorTests.Verify_rejects_a_tampered_field [5 ms]
  Passed Macula.Tests.ServeCallerTests.Build_call_reply_gated_policy_refuses_a_token_presented_by_another_caller [2 ms]
  Passed Macula.Tests.FrameGoldenVectorTests.Unsubscribe_frame_matches_the_reference_byte_for_byte [1 ms]
  Passed Macula.Tests.FrameGoldenVectorTests.Decode_rejects_a_length_over_the_cap [< 1 ms]
  Passed Macula.Tests.FrameGoldenVectorTests.Verify_rejects_a_missing_signature [< 1 ms]
  Passed Macula.Tests.FrameGoldenVectorTests.Stream_error_with_signer_matches_the_reference_byte_for_byte [1 ms]
  Passed Macula.Tests.FrameGoldenVectorTests.Publish_frame_with_both_signatures_round_trips [2 ms]
  Passed Macula.Tests.FrameGoldenVectorTests.Stream_end_with_signer_matches_the_reference_byte_for_byte [< 1 ms]
  Passed Macula.Tests.FrameGoldenVectorTests.Unadvertise_frame_matches_the_reference_byte_for_byte [1 ms]
  Passed Macula.Tests.FrameGoldenVectorTests.Publish_frame_matches_the_reference_byte_for_byte [< 1 ms]
  Passed Macula.Tests.FrameGoldenVectorTests.Parse_stream_open_round_trips_a_well_formed_frame [4 ms]
  Passed Macula.Tests.FrameGoldenVectorTests.Advertise_frame_matches_the_reference_byte_for_byte [< 1 ms]
  Passed Macula.Tests.FrameGoldenVectorTests.Connect_frame_matches_the_reference_byte_for_byte [1 ms]
  Passed Macula.Tests.FrameGoldenVectorTests.Call_frame_matches_the_reference_byte_for_byte [< 1 ms]
  Passed Macula.Tests.FrameGoldenVectorTests.Stream_reply_frame_matches_the_reference_byte_for_byte [1 ms]
  Passed Macula.Tests.FrameGoldenVectorTests.Stream_open_frame_matches_the_reference_byte_for_byte [< 1 ms]
  Passed Macula.Tests.FrameGoldenVectorTests.Subscribe_frame_matches_the_reference_byte_for_byte [< 1 ms]
  Passed Macula.Tests.FrameGoldenVectorTests.Decode_reports_more_for_a_short_buffer [< 1 ms]
  Passed Macula.Tests.FrameGoldenVectorTests.Stream_error_frame_matches_the_reference_byte_for_byte [< 1 ms]
  Passed Macula.Tests.FrameGoldenVectorTests.Stream_data_raw_frame_matches_the_reference_byte_for_byte [< 1 ms]
  Passed Macula.Tests.FrameGoldenVectorTests.Stream_data_with_signer_matches_the_reference_byte_for_byte [< 1 ms]
  Passed Macula.Tests.SessionReaderTests.The_reader_keeps_delivering_while_a_write_is_stalled [100 ms]
  Passed Macula.Tests.SessionReaderTests.An_unsigned_inbound_call_is_dropped [6 ms]
  Passed Macula.Tests.KeyPairTests.Generate_with_default_puzzle_produces_a_valid_identity [53 ms]
  Passed Macula.Tests.KeyPairTests.Verify_rejects_a_tampered_message [< 1 ms]
  Passed Macula.Tests.KeyPairTests.Puzzle_valid_matches_the_reference_leading_zero_count [< 1 ms]
  Passed Macula.Tests.KeyPairTests.Seed_derives_the_reference_pubkey [< 1 ms]
  Passed Macula.Tests.KeyPairTests.Save_and_load_roundtrip [< 1 ms]
  Passed Macula.Tests.UcanTests.Policy_gated_rejects_no_token [118 ms]
  Passed Macula.Tests.UcanTests.Policy_open_always_passes [< 1 ms]
  Passed Macula.Tests.EventDedupTests.Sweep_removes_only_entries_older_than_the_window [121 ms]
  Passed Macula.Tests.EventDedupTests.Same_realm_publisher_and_seq_on_two_DIFFERENT_topics_are_both_new [< 1 ms]
  Passed Macula.Tests.EventDedupTests.First_sighting_of_a_key_is_new [< 1 ms]
  Passed Macula.Tests.EventDedupTests.Repeating_the_exact_same_key_is_a_duplicate [< 1 ms]
  Passed Macula.Tests.CertChainTests.Valid_chain_verifies [214 ms]
  Passed Macula.Tests.CertChainTests.Leaf_key_mismatch_throws [88 ms]
  Passed Macula.Tests.DirectDialCandidatesTests.Call_timeout_bounds_resolution [310 ms]
  Passed Macula.Tests.CertChainTests.Wrong_ca_throws_untrusted [37 ms]
  Passed Macula.Tests.SupervisedPublisherTests.The_started_fact_is_sent_before_the_publish_and_never_alongside_it [343 ms]
  Passed Macula.Tests.UcanTests.Getters_read_claims_without_verifying [282 ms]
  Passed Macula.Tests.UcanTests.Policy_gated_accepts_a_valid_token_from_the_required_issuer [31 ms]
  Passed Macula.Tests.CertChainTests.Absent_chain_throws [99 ms]
  Passed Macula.Tests.UcanTests.Is_expired_reports_correctly_without_verifying [28 ms]
  Passed Macula.Tests.SessionReaderTests.Two_subscribers_with_different_topics_each_get_only_their_events [404 ms]
  Passed Macula.Tests.SessionReaderTests.A_queued_call_past_its_deadline_is_still_served [2 ms]
  Passed Macula.Tests.SessionReaderTests.Concurrent_calls_on_one_session_each_get_their_own_reply [11 ms]
  Passed Macula.Tests.UcanTests.Verify_rejects_a_not_yet_valid_token [68 ms]
  Passed Macula.Tests.CertChainTests.Org_mismatch_throws [115 ms]
  Passed Macula.Tests.CertChainTests.Expired_leaf_throws_untrusted [21 ms]
  Passed Macula.Tests.DirectDialCandidatesTests.Get_direct_reports_a_failed_lookup_at_its_deadline_when_no_provider_was_tried [303 ms]
  Passed Macula.Tests.UcanTests.Create_then_verify_round_trips [90 ms]
  Passed Macula.Tests.UcanTests.Policy_required_refuses_a_missing_or_malformed_audience_or_caller [3 ms]
  Passed Macula.Tests.UcanTests.Cross_language_token_from_go_sdk_verifies_here [2 ms]
  Passed Macula.Tests.SessionReaderTests.A_call_that_cannot_get_the_write_lock_in_time_times_out_and_the_session_stays_up [107 ms]
  Passed Macula.Tests.SupervisedPublisherTests.A_started_fact_that_fails_to_send_does_not_stop_the_publish [301 ms]
  Passed Macula.Tests.SessionReaderTests.A_stalled_event_consumer_does_not_stall_call_replies [10 ms]
  Passed Macula.Tests.CertChainTests.Undecodable_chain_throws [71 ms]
  Passed Macula.Tests.SessionReaderTests.A_hello_after_the_handshake_ends_the_session [2 ms]
  Passed Macula.Tests.UcanTests.Verify_rejects_an_expired_token [92 ms]
  Passed Macula.Tests.UcanTests.Policy_required_refuses_a_token_for_another_audience [2 ms]
  Passed Macula.Tests.CertChainTests.Bad_envelope_signature_throws [78 ms]
  Passed Macula.Tests.UcanTests.Verify_rejects_a_tampered_signature [32 ms]
  Passed Macula.Tests.SessionReaderTests.An_overflowed_subscription_is_replaced_before_it_is_closed [109 ms]
  Passed Macula.Tests.SessionReaderTests.An_unrouted_frame_is_counted_by_type [2 ms]
  Passed Macula.Tests.SessionReaderTests.A_session_whose_connection_ends_is_no_longer_found_for_reuse [1 ms]
  Passed Macula.Tests.UcanTests.Verify_rejects_the_wrong_signer [68 ms]
  Passed Macula.Tests.SessionReaderTests.A_call_timing_out_while_its_frame_is_being_written_reports_it_may_have_been_sent [101 ms]
  Passed Macula.Tests.SessionReaderTests.A_goodbye_from_the_station_fails_pending_calls_and_ends_the_session [3 ms]
  Passed Macula.Tests.DirectDialCandidatesTests.Call_with_cert_chain_reports_the_authorization_failure_at_its_deadline [306 ms]
  Passed Macula.Tests.DirectDialCandidatesTests.Put_direct_reuses_an_open_session_to_the_station [2 ms]
  Passed Macula.Tests.UcanTests.Policy_gated_rejects_a_token_from_a_different_issuer [197 ms]
  Passed Macula.Tests.SessionReaderTests.A_write_stalled_past_the_send_timeout_ends_the_session [207 ms]
  Passed Macula.Tests.DirectDialCandidatesTests.Resolve_station_endpoint_timeout_bounds_the_lookup [302 ms]
  Passed Macula.Tests.SessionReaderTests.A_wildcard_subscription_matches_exactly_one_segment [208 ms]
  Passed Macula.Tests.SessionReaderTests.An_inbound_call_not_signed_by_its_caller_is_dropped [3 ms]
  Passed Macula.Tests.SessionReaderTests.An_overflowing_event_consumer_ends_with_an_overflow_error_and_the_session_stays_up [19 ms]
  Passed Macula.Tests.DirectDialCandidatesTests.Put_direct_retries_an_endpoint_lookup_that_fails [103 ms]
  Passed Macula.Tests.SessionReaderTests.An_overflowing_call_queue_answers_the_extra_call_and_keeps_serving [41 ms]
  Passed Macula.Tests.SessionReaderTests.An_event_arriving_during_a_call_reaches_its_subscriber [3 ms]
  Passed Macula.Tests.SessionReaderTests.Closing_the_last_subscription_for_a_topic_unsubscribes [4 ms]
  Passed Macula.Tests.SessionReaderTests.An_overflowed_subscription_keeps_the_station_subscribed_until_it_is_closed [13 ms]
  Passed Macula.Tests.SessionReaderTests.Serving_a_call_while_calling_on_the_same_session [2 ms]
  Passed Macula.Tests.DirectDialCandidatesTests.Call_reports_a_timeout_when_no_endpoint_lookup_was_answered_in_time [304 ms]
  Passed Macula.Tests.DirectDialCandidatesTests.Call_keeps_a_lookup_error_when_a_later_lookup_is_cut_off_by_the_deadline [301 ms]
  Passed Macula.Tests.DirectDialCandidatesTests.Call_dials_a_refusing_station_once_per_endpoint_version [3 s]
  Passed Macula.Tests.DirectDialCandidatesTests.Call_never_sends_the_request_twice [3 ms]
  Passed Macula.Tests.DirectDialCandidatesTests.Get_direct_reports_not_announced_when_a_lookup_answered_before_later_ones_failed [300 ms]
  Passed Macula.Tests.DirectDialCandidatesTests.Call_picks_up_an_endpoint_record_that_changes_mid_deadline [703 ms]
  Passed Macula.Tests.DirectDialCandidatesTests.Get_direct_reports_a_timeout_when_no_lookup_was_answered_in_time [300 ms]
  Passed Macula.Tests.DirectDialCandidatesTests.Put_direct_reports_no_station_endpoint_when_a_lookup_answered_not_found [301 ms]
  Passed Macula.Tests.DirectDialCandidatesTests.Get_direct_fetches_from_a_failing_provider_once_per_announcement [2 s]
  Passed Macula.Tests.DirectDialCandidatesTests.Call_reports_a_timeout_when_no_lookup_was_answered_in_time [300 ms]
  Passed Macula.Tests.DirectDialCandidatesTests.Get_direct_timeout_bounds_resolution [300 ms]
  Passed Macula.Tests.DirectDialCandidatesTests.Get_direct_retries_after_a_lookup_fails [102 ms]
  Passed Macula.Tests.DirectDialCandidatesTests.Open_stream_direct_never_opens_the_stream_twice [2 ms]
  Passed Macula.Tests.DirectDialCandidatesTests.A_timeout_that_is_not_positive_is_rejected [1 ms]
  Passed Macula.Tests.DirectDialCandidatesTests.Call_timeout_bounds_the_endpoint_lookup [301 ms]
  Passed Macula.Tests.DirectDialCandidatesTests.Resolve_timeout_bounds_resolution [301 ms]
  Passed Macula.Tests.DirectDialCandidatesTests.Call_reports_a_failed_lookup_at_its_deadline_when_no_candidate_was_tried [302 ms]
  Passed Macula.Tests.DirectDialCandidatesTests.Call_tries_an_advertisement_that_appears_on_a_later_pass [103 ms]
  Passed Macula.Tests.DirectDialCandidatesTests.Two_concurrent_transfers_to_one_station_share_the_dialed_session_until_both_finish [4 ms]
  Passed Macula.Tests.DirectDialCandidatesTests.A_dialed_session_shared_by_a_stream_and_a_call_closes_only_when_both_release [< 1 ms]
  Passed Macula.Tests.DirectDialCandidatesTests.Put_direct_timeout_bounds_the_endpoint_lookup [301 ms]
  Passed Macula.Tests.DirectDialCandidatesTests.A_candidate_share_splits_what_remains_evenly_with_a_one_second_floor [1 ms]
  Passed Macula.Tests.DirectDialCandidatesTests.Resolution_backs_off_between_passes [3 s]
  Passed Macula.Tests.DirectDialCandidatesTests.Get_direct_reports_the_last_candidate_failure_when_a_later_lookup_fails [1 s]
  Passed Macula.Tests.DirectDialCandidatesTests.A_dialed_session_is_closed_after_the_request_even_when_it_fails [< 1 ms]
  Passed Macula.Tests.DirectDialCandidatesTests.Call_retries_when_no_advertisement_qualifies [102 ms]
  Passed Macula.Tests.DirectDialCandidatesTests.Get_direct_reuses_an_open_session_to_the_provider_station [1 ms]
  Passed Macula.Tests.DirectDialCandidatesTests.Put_direct_keeps_a_lookup_error_when_a_later_endpoint_lookup_is_cut_off_by_the_deadline [301 ms]
  Passed Macula.Tests.DirectDialCandidatesTests.Call_tries_the_next_advertisement_when_a_station_has_no_endpoint [1 s]
  Passed Macula.Tests.DirectDialCandidatesTests.Call_skips_a_station_whose_endpoint_is_signed_by_another_key [1 ms]
  Passed Macula.Tests.DirectDialCandidatesTests.Put_direct_reports_a_failed_endpoint_lookup_when_every_lookup_failed [301 ms]
  Passed Macula.Tests.DirectDialCandidatesTests.A_reused_session_is_never_closed_by_the_request [< 1 ms]
  Passed Macula.Tests.DirectDialCandidatesTests.Call_reports_the_last_candidate_failure_when_a_later_pass_finds_none [1 s]
  Passed Macula.Tests.DirectDialCandidatesTests.Call_reports_not_advertised_when_a_lookup_answered_before_later_ones_failed [301 ms]
  Passed Macula.Tests.DirectDialCandidatesTests.Call_tries_the_next_station_when_a_dial_fails [1 ms]
  Passed Macula.Tests.DirectDialCandidatesTests.Call_retries_after_a_lookup_fails [101 ms]
  Passed Macula.Tests.DirectDialCandidatesTests.Get_direct_retries_when_no_provider_qualifies [101 ms]
  Passed Macula.Tests.DirectDialCandidatesTests.A_dialed_session_stays_open_until_its_last_lease_is_released [< 1 ms]
  Passed Macula.Tests.DirectDialCandidatesTests.Put_direct_reports_a_timeout_when_no_endpoint_lookup_was_answered_in_time [301 ms]
  Passed Macula.Tests.DirectDialCandidatesTests.A_session_that_is_closing_is_not_reused [< 1 ms]
  Passed Macula.Tests.DirectDialCandidatesTests.Get_direct_tries_the_next_provider_after_a_failed_fetch [1 ms]
  Passed Macula.Tests.DirectDialCandidatesTests.Open_stream_direct_reuses_an_open_session_to_the_provider_station [1 ms]
  Passed Macula.Tests.DirectDialCandidatesTests.Call_reports_the_last_candidate_failure_when_a_later_lookup_fails [1 s]
  Passed Macula.Tests.DirectDialCandidatesTests.Open_stream_direct_tries_the_next_station_when_a_dial_fails [2 ms]
  Passed Macula.Tests.DirectDialCandidatesTests.Call_with_cert_chain_tries_the_next_advertisement_when_a_station_has_no_endpoint [1 s]
[xUnit.net 00:00:22.40]   Finished:    Macula.Tests
  Passed Macula.Tests.DirectDialCandidatesTests.Get_direct_timeout_during_a_transfer_carries_the_last_failure [1 s]

Test Run Successful.
Total tests: 209
     Passed: 209
 Total time: 22.7659 Seconds
